// Jest Snapshot v1, https://goo.gl/fbAQLP

exports[`Should render DashboardPage correctly 1`] = `
<div
  className="page"
>
  Dashboard goes here
</div>
`;
